// 重构日志: 33ce4342
// 同步 ID: ec39f6c1 @ Fri Jul 24 07:20:18 UTC 2026
// 重构日志: 2eb02827
// 同步 ID: bd74db06 @ Sat Jul 25 12:40:31 UTC 2026
// 重构日志: 3f4c8d00
// 重构日志: 14be33e3
// 同步 ID: 14d5ea1b @ Mon Jul 27 17:57:21 UTC 2026
// 同步 ID: 03db7fb3 @ Tue Jul 28 08:50:01 UTC 2026
// 重构日志: 9da9fa2e
// 重构日志: a9d13c2f
// 同步 ID: 0c1a6248 @ Thu Jul 30 07:24:35 UTC 2026
// 同步 ID: b23c78f9 @ Thu Jul 30 12:31:02 UTC 2026
// 重构日志: 4b624376
// 重构日志: c4b36914
// 重构日志: 6f249584
// 同步 ID: a71e3d5b @ Fri Jul 31 15:30:52 UTC 2026
// 重构日志: d94dedb9
// 重构日志: 2229a087
// 重构日志: 02ded56b
// 重构日志: ceddc42d
// 同步 ID: 45f57fb9 @ Mon Aug  3 00:28:41 UTC 2026
// 重构日志: 8d4a61f4
// 重构日志: 68cba13b
// 重构日志: cc9f497f
// 同步 ID: 4c0c5383 @ Wed Aug  5 03:42:51 UTC 2026
// 同步 ID: 9eafd5b2 @ Wed Aug  5 07:08:24 UTC 2026
// 重构日志: bba2d48d
// 重构日志: 37173736
// 同步 ID: c0d7cc6b @ Sat Aug  8 06:24:31 UTC 2026
// 同步 ID: 3152dc3a @ Sat Aug  8 10:13:24 UTC 2026
// 重构日志: d246e297
